../Drivers/BSP/STM32L4xx_Nucleo/stm32l4xx_nucleo.c:161:10:BSP_GetVersion	4	static
../Drivers/BSP/STM32L4xx_Nucleo/stm32l4xx_nucleo.c:177:6:BSP_LED_Init	40	static
../Drivers/BSP/STM32L4xx_Nucleo/stm32l4xx_nucleo.c:200:6:BSP_LED_DeInit	40	static
../Drivers/BSP/STM32L4xx_Nucleo/stm32l4xx_nucleo.c:218:6:BSP_LED_On	16	static
../Drivers/BSP/STM32L4xx_Nucleo/stm32l4xx_nucleo.c:230:6:BSP_LED_Off	16	static
../Drivers/BSP/STM32L4xx_Nucleo/stm32l4xx_nucleo.c:242:6:BSP_LED_Toggle	16	static
../Drivers/BSP/STM32L4xx_Nucleo/stm32l4xx_nucleo.c:266:6:BSP_PB_Init	40	static
../Drivers/BSP/STM32L4xx_Nucleo/stm32l4xx_nucleo.c:305:6:BSP_PB_DeInit	40	static
../Drivers/BSP/STM32L4xx_Nucleo/stm32l4xx_nucleo.c:320:10:BSP_PB_GetState	16	static
../Drivers/BSP/STM32L4xx_Nucleo/stm32l4xx_nucleo.c:331:9:BSP_JOY_Init	8	static
../Drivers/BSP/STM32L4xx_Nucleo/stm32l4xx_nucleo.c:354:6:BSP_JOY_DeInit	8	static
../Drivers/BSP/STM32L4xx_Nucleo/stm32l4xx_nucleo.c:371:18:BSP_JOY_GetState	16	static
../Drivers/BSP/STM32L4xx_Nucleo/stm32l4xx_nucleo.c:1020:13:ADCx_MspInit	184	static
../Drivers/BSP/STM32L4xx_Nucleo/stm32l4xx_nucleo.c:1056:13:ADCx_MspDeInit	40	static
../Drivers/BSP/STM32L4xx_Nucleo/stm32l4xx_nucleo.c:1076:26:ADCx_Init	8	static
../Drivers/BSP/STM32L4xx_Nucleo/stm32l4xx_nucleo.c:1117:13:ADCx_DeInit	8	static
